2026-09-03 01:32:23.169   Log opened. (Time zone: UTC+05:30)
2026-09-03 01:32:23.169   Setup version: Inno Setup version 6.7.3
2026-09-03 01:32:23.169   Original Uninstall EXE: D:\DREX\build\installed-test\unins000.exe
2026-09-03 01:32:23.169   Uninstall DAT: D:\DREX\build\installed-test\unins000.dat
2026-09-03 01:32:23.169   Current Uninstall EXE: C:\Users\NIRMAL~1\AppData\Local\Temp\is-JPRHGUU78R-uninstall.tmp\_unins.tmp
2026-09-03 01:32:23.169   Uninstall command line: /SECONDPHASE="D:\DREX\build\installed-test\unins000.exe" /FIRSTPHASEWND=$1A09B0 /INITPROCWND=$F01BA /VERYSILENT /SUPPRESSMSGBOXES /NORESTART /LOG=D:\DREX\build\uninstall.log
2026-09-03 01:32:23.170   Windows version: 10.0.26200
2026-09-03 01:32:23.170   Windows architecture: x64 (64-bit)
2026-09-03 01:32:23.174   Machine types supported by system: x86 x64
2026-09-03 01:32:23.174   User privileges: Administrative
2026-09-03 01:32:23.174   Administrative install mode: Yes
2026-09-03 01:32:23.174   Install mode root key: HKEY_LOCAL_MACHINE
2026-09-03 01:32:23.174   RedirectionGuard status for current process: Enabled in enforcing mode
2026-09-03 01:32:23.174   Cleaning up any residual temporary files from previous Uninstall runs.
2026-09-03 01:32:23.177   Deleted file: C:\Users\NIRMAL~1\AppData\Local\Temp\is-0DUNFJSMY6-uninstall.tmp\_unins.tmp
2026-09-03 01:32:23.178   Cleanup finished (2 directories found, 2 directories checked, 1 files deleted).
2026-09-03 01:32:23.181   Created protected temporary directory: C:\Users\NIRMAL~1\AppData\Local\Temp\is-2SE6SDFKPP.tmp
2026-09-03 01:32:23.224   Starting the uninstallation process.
2026-09-03 01:32:23.225   Deleting registry key: HKEY_LOCAL_MACHINE\Software\Microsoft\Windows\CurrentVersion\Uninstall\{7B95768E-17A2-4A0B-B5DC-DF65A7CE0B9B}_is1
2026-09-03 01:32:23.410   Deleting file: C:\Users\Public\Desktop\DREX.lnk
2026-09-03 01:32:23.454   Deleting file: C:\ProgramData\Microsoft\Windows\Start Menu\Programs\DREX\DREX.lnk
2026-09-03 01:32:23.455   Deleting directory: C:\ProgramData\Microsoft\Windows\Start Menu\Programs\DREX
2026-09-03 01:32:23.458   Deleting file: D:\DREX\build\installed-test\DREX.exe
2026-09-03 01:32:23.463   Deleting Uninstall data files.
2026-09-03 01:32:23.463   Creating "_unins-done.tmp" file.
2026-09-03 01:32:24.130   Uninstallation process succeeded.
2026-09-03 01:32:24.130   Removed all? Yes
2026-09-03 01:32:24.130   Need to restart Windows? No
2026-09-03 01:32:24.136   Log closed.
